C:/ST/STM32F051R8T6/core_cm0.h:500:22:NVIC_EnableIRQ	16	static
C:/ST/STM32F051R8T6/core_cm0.h:513:22:NVIC_DisableIRQ	16	static
C:/ST/STM32F051R8T6/core_cm0.h:571:22:NVIC_SetPriority	24	static
../Src/main.c:46:6:ZeroCrossingInit	8	static
../Src/main.c:63:6:FanConveyorCtrlInit	8	static
../Src/main.c:70:6:PID	24	static
../Src/main.c:89:6:ConveyorControl	8	static
../Src/main.c:101:6:FanControl	8	static
../Src/main.c:114:6:delay_ms	16	static
../Src/main.c:127:6:delay_us	16	static
../Src/main.c:140:6:TurnOnHeat	16	static
../Src/main.c:152:6:TIM3_IRQHandler	8	static
../Src/main.c:166:6:EXTI0_1_IRQHandler	8	static
../Src/main.c:193:9:ReadByte	24	static
../Src/main.c:225:6:DHT_SetPinOutputInput	16	static
../Src/main.c:261:6:SendUsart	32	static
../Src/main.c:269:6:TIM6_DAC_IRQHandler	8	static
../Src/main.c:279:6:ADC_Init	8	static
../Src/main.c:302:6:ADC_COMP_IRQHandler	32	static
../Src/main.c:319:6:TIM6_Init	8	static
../Src/main.c:331:6:TIM14_Init	8	static
../Src/main.c:343:6:TIM14_IRQHandler	56	static
../Src/main.c:353:6:DHT_Init	8	static
../Src/main.c:373:5:main	8	static
../Src/main.c:390:6:USART_Init	8	static
../Src/main.c:417:6:USART_SendChar	16	static
../Src/main.c:423:6:parseReceivedData	48	static
../Src/main.c:438:6:USART1_IRQHandler	16	static
